Release 14.7 - xst P.20131013 (nt64)
Copyright (c) 1995-2013 Xilinx, Inc.  All rights reserved.
--> Parameter TMPDIR set to xst/projnav.tmp


Total REAL time to Xst completion: 0.00 secs
Total CPU time to Xst completion: 0.17 secs
 
--> Parameter xsthdpdir set to xst


Total REAL time to Xst completion: 0.00 secs
Total CPU time to Xst completion: 0.17 secs
 
--> Reading design: Q1_1.prj

TABLE OF CONTENTS
  1) Synthesis Options Summary
  2) HDL Parsing
  3) HDL Elaboration
  4) HDL Synthesis
       4.1) HDL Synthesis Report
  5) Advanced HDL Synthesis
       5.1) Advanced HDL Synthesis Report
  6) Low Level Synthesis
  7) Partition Report
  8) Design Summary
       8.1) Primitive and Black Box Usage
       8.2) Device utilization summary
       8.3) Partition Resource Summary
       8.4) Timing Report
            8.4.1) Clock Information
            8.4.2) Asynchronous Control Signals Information
            8.4.3) Timing Summary
            8.4.4) Timing Details
            8.4.5) Cross Clock Domains Report


=========================================================================
*                      Synthesis Options Summary                        *
=========================================================================
---- Source Parameters
Input File Name                    : "Q1_1.prj"
Ignore Synthesis Constraint File   : NO

---- Target Parameters
Output File Name                   : "Q1_1"
Output Format                      : NGC
Target Device                      : xc6slx9-3-tqg144

---- Source Options
Top Module Name                    : Q1_1
Automatic FSM Extraction           : YES
FSM Encoding Algorithm             : Auto
Safe Implementation                : No
FSM Style                          : LUT
RAM Extraction                     : Yes
RAM Style                          : Auto
ROM Extraction                     : Yes
Shift Register Extraction          : YES
ROM Style                          : Auto
Resource Sharing                   : YES
Asynchronous To Synchronous        : NO
Shift Register Minimum Size        : 2
Use DSP Block                      : Auto
Automatic Register Balancing       : No

---- Target Options
LUT Combining                      : Auto
Reduce Control Sets                : Auto
Add IO Buffers                     : YES
Global Maximum Fanout              : 100000
Add Generic Clock Buffer(BUFG)     : 16
Register Duplication               : YES
Optimize Instantiated Primitives   : NO
Use Clock Enable                   : Auto
Use Synchronous Set                : Auto
Use Synchronous Reset              : Auto
Pack IO Registers into IOBs        : Auto
Equivalent register Removal        : YES

---- General Options
Optimization Goal                  : Speed
Optimization Effort                : 1
Power Reduction                    : NO
Keep Hierarchy                     : No
Netlist Hierarchy                  : As_Optimized
RTL Output                         : Yes
Global Optimization                : AllClockNets
Read Cores                         : YES
Write Timing Constraints           : NO
Cross Clock Analysis               : NO
Hierarchy Separator                : /
Bus Delimiter                      : <>
Case Specifier                     : Maintain
Slice Utilization Ratio            : 100
BRAM Utilization Ratio             : 100
DSP48 Utilization Ratio            : 100
Auto BRAM Packing                  : NO
Slice Utilization Ratio Delta      : 5

=========================================================================


=========================================================================
*                          HDL Parsing                                  *
=========================================================================
Analyzing Verilog file "C:\Users\Mahyar Onsori\Desktop\check nevis taklif 4\hope\q1\Q1_1.v" into library work
Parsing module <Q1_1>.

=========================================================================
*                            HDL Elaboration                            *
=========================================================================

Elaborating module <Q1_1>.

=========================================================================
*                           HDL Synthesis                               *
=========================================================================

Synthesizing Unit <Q1_1>.
    Related source file is "C:\Users\Mahyar Onsori\Desktop\check nevis taklif 4\hope\q1\Q1_1.v".
    Found 1-bit register for signal <comp>.
    Found 1-bit register for signal <IO_Select>.
    Found 4-bit register for signal <storage>.
    Found 1-bit adder for signal <comp_PWR_1_o_add_4_OUT<0>> created at line 37.
    Found 1-bit tristate buffer for signal <Data_IO<3>> created at line 31
    Found 1-bit tristate buffer for signal <Data_IO<2>> created at line 31
    Found 1-bit tristate buffer for signal <Data_IO<1>> created at line 31
    Found 1-bit tristate buffer for signal <Data_IO<0>> created at line 31
    Summary:
	inferred   1 Adder/Subtractor(s).
	inferred   6 D-type flip-flop(s).
	inferred   4 Tristate(s).
Unit <Q1_1> synthesized.

=========================================================================
HDL Synthesis Report

Macro Statistics
# Adders/Subtractors                                   : 1
 1-bit adder                                           : 1
# Registers                                            : 3
 1-bit register                                        : 2
 4-bit register                                        : 1
# Tristates                                            : 4
 1-bit tristate buffer                                 : 4

=========================================================================

=========================================================================
*                       Advanced HDL Synthesis                          *
=========================================================================


Synthesizing (advanced) Unit <Q1_1>.
The following registers are absorbed into counter <comp>: 1 register on signal <comp>.
Unit <Q1_1> synthesized (advanced).

=========================================================================
Advanced HDL Synthesis Report

Macro Statistics
# Counters                                             : 1
 1-bit up counter                                      : 1
# Registers                                            : 5
 Flip-Flops                                            : 5

=========================================================================

=========================================================================
*                         Low Level Synthesis                           *
=========================================================================

Optimizing unit <Q1_1> ...
INFO:Xst:2261 - The FF/Latch <IO_Select> in Unit <Q1_1> is equivalent to the following FF/Latch, which will be removed : <comp> 

Mapping all equations...
Building and optimizing final netlist ...
Found area constraint ratio of 100 (+ 5) on block Q1_1, actual ratio is 0.

Final Macro Processing ...

=========================================================================
Final Register Report

Macro Statistics
# Registers                                            : 5
 Flip-Flops                                            : 5

=========================================================================

=========================================================================
*                           Partition Report                            *
=========================================================================

Partition Implementation Status
-------------------------------

  No Partitions were found in this design.

-------------------------------

=========================================================================
*                            Design Summary                             *
=========================================================================

Top Level Output File Name         : Q1_1.ngc

Primitive and Black Box Usage:
------------------------------
# BELS                             : 2
#      INV                         : 1
#      VCC                         : 1
# FlipFlops/Latches                : 5
#      FDE                         : 5
# Clock Buffers                    : 1
#      BUFG                        : 1
# IO Buffers                       : 12
#      IBUF                        : 6
#      OBUF                        : 2
#      OBUFT                       : 4

Device utilization summary:
---------------------------

Selected Device : 6slx9tqg144-3 


Slice Logic Utilization: 
 Number of Slice Registers:               1  out of  11440     0%  
 Number of Slice LUTs:                    1  out of   5720     0%  
    Number used as Logic:                 1  out of   5720     0%  

Slice Logic Distribution: 
 Number of LUT Flip Flop pairs used:      2
   Number with an unused Flip Flop:       1  out of      2    50%  
   Number with an unused LUT:             1  out of      2    50%  
   Number of fully used LUT-FF pairs:     0  out of      2     0%  
   Number of unique control sets:         2

IO Utilization: 
 Number of IOs:                          12
 Number of bonded IOBs:                  12  out of    102    11%  
    IOB Flip Flops/Latches:               4

Specific Feature Utilization:
 Number of BUFG/BUFGCTRLs:                1  out of     16     6%  

---------------------------
Partition Resource Summary:
---------------------------

  No Partitions were found in this design.

---------------------------


=========================================================================
Timing Report

NOTE: THESE TIMING NUMBERS ARE ONLY A SYNTHESIS ESTIMATE.
      FOR ACCURATE TIMING INFORMATION PLEASE REFER TO THE TRACE REPORT
      GENERATED AFTER PLACE-and-ROUTE.

Clock Information:
------------------
-----------------------------------+------------------------+-------+
Clock Signal                       | Clock buffer(FF name)  | Load  |
-----------------------------------+------------------------+-------+
clk_in                             | IBUF+BUFG              | 5     |
-----------------------------------+------------------------+-------+

Asynchronous Control Signals Information:
----------------------------------------
No asynchronous control signals found in this design

Timing Summary:
---------------
Speed Grade: -3

   Minimum period: 2.085ns (Maximum Frequency: 479.559MHz)
   Minimum input arrival time before clock: 2.227ns
   Maximum output required time after clock: 4.554ns
   Maximum combinational path delay: 4.372ns

Timing Details:
---------------
All values displayed in nanoseconds (ns)

=========================================================================
Timing constraint: Default period analysis for Clock 'clk_in'
  Clock period: 2.085ns (frequency: 479.559MHz)
  Total number of paths / destination ports: 1 / 1
-------------------------------------------------------------------------
Delay:               2.085ns (Levels of Logic = 1)
  Source:            IO_Select (FF)
  Destination:       IO_Select (FF)
  Source Clock:      clk_in rising
  Destination Clock: clk_in rising

  Data Path: IO_Select to IO_Select
                                Gate     Net
    Cell:in->out      fanout   Delay   Delay  Logical Name (Net Name)
    ----------------------------------------  ------------
     FDE:C->Q              2   0.447   0.616  IO_Select (IO_Select_OBUF)
     INV:I->O              5   0.206   0.714  IO_Select_inv1_INV_0 (IO_Select_inv)
     FDE:D                     0.102          IO_Select
    ----------------------------------------
    Total                      2.085ns (0.755ns logic, 1.330ns route)
                                       (36.2% logic, 63.8% route)

=========================================================================
Timing constraint: Default OFFSET IN BEFORE for Clock 'clk_in'
  Total number of paths / destination ports: 8 / 8
-------------------------------------------------------------------------
Offset:              2.227ns (Levels of Logic = 1)
  Source:            Data_valid (PAD)
  Destination:       storage_0 (FF)
  Destination Clock: clk_in rising

  Data Path: Data_valid to storage_0
                                Gate     Net
    Cell:in->out      fanout   Delay   Delay  Logical Name (Net Name)
    ----------------------------------------  ------------
     IBUF:I->O             4   1.222   0.683  Data_valid_IBUF (Data_valid_IBUF)
     FDE:CE                    0.322          storage_0
    ----------------------------------------
    Total                      2.227ns (1.544ns logic, 0.683ns route)
                                       (69.3% logic, 30.7% route)

=========================================================================
Timing constraint: Default OFFSET OUT AFTER for Clock 'clk_in'
  Total number of paths / destination ports: 9 / 5
-------------------------------------------------------------------------
Offset:              4.554ns (Levels of Logic = 2)
  Source:            IO_Select (FF)
  Destination:       Data_IO<3> (PAD)
  Source Clock:      clk_in rising

  Data Path: IO_Select to Data_IO<3>
                                Gate     Net
    Cell:in->out      fanout   Delay   Delay  Logical Name (Net Name)
    ----------------------------------------  ------------
     FDE:C->Q              2   0.447   0.616  IO_Select (IO_Select_OBUF)
     INV:I->O              5   0.206   0.714  IO_Select_inv1_INV_0 (IO_Select_inv)
     OBUFT:T->O                2.571          Data_IO_3_OBUFT (Data_IO<3>)
    ----------------------------------------
    Total                      4.554ns (3.224ns logic, 1.330ns route)
                                       (70.8% logic, 29.2% route)

=========================================================================
Timing constraint: Default path analysis
  Total number of paths / destination ports: 1 / 1
-------------------------------------------------------------------------
Delay:               4.372ns (Levels of Logic = 2)
  Source:            clk_in (PAD)
  Destination:       clk_out (PAD)

  Data Path: clk_in to clk_out
                                Gate     Net
    Cell:in->out      fanout   Delay   Delay  Logical Name (Net Name)
    ----------------------------------------  ------------
     IBUF:I->O             1   1.222   0.579  clk_in_IBUF (clk_out_OBUF)
     OBUF:I->O                 2.571          clk_out_OBUF (clk_out)
    ----------------------------------------
    Total                      4.372ns (3.793ns logic, 0.579ns route)
                                       (86.8% logic, 13.2% route)

=========================================================================

Cross Clock Domains Report:
--------------------------

Clock to Setup on destination clock clk_in
---------------+---------+---------+---------+---------+
               | Src:Rise| Src:Fall| Src:Rise| Src:Fall|
Source Clock   |Dest:Rise|Dest:Rise|Dest:Fall|Dest:Fall|
---------------+---------+---------+---------+---------+
clk_in         |    2.085|         |         |         |
---------------+---------+---------+---------+---------+

=========================================================================


Total REAL time to Xst completion: 6.00 secs
Total CPU time to Xst completion: 5.91 secs
 
--> 

Total memory usage is 4494608 kilobytes

Number of errors   :    0 (   0 filtered)
Number of warnings :    0 (   0 filtered)
Number of infos    :    1 (   0 filtered)

